master=videos\video-2\output\master-natural-h264.mp4  end=632.181s (+8.70s inserts)  3840x2160@60
segments:
  [  0.00- 10.20]  612f  split:ColdOpenPrompt @+0.00s
  [ 10.20- 34.10] 1434f  cutaway:ColdOpenMontage @+0.00s
  [ 34.10- 41.60]  450f  cutaway:ColdOpenOutput @+0.00s
  [ 41.60- 54.60]  780f  master
  [ 54.60- 61.90]  438f  cutaway:ColdOpenLines @+0.00s
  [ 61.90- 63.00]   66f  master
  [ 63.00- 71.50]  510f  master+overlay:B2BlocksTease @+0.00s
  [ 71.50- 74.80]  198f  master
  [ 74.80- 91.90] 1026f  split:B2aPaid2021 @+0.00s
  [ 91.90-109.70] 1068f  cutaway:B2bVideo2022 @+0.00s
  [INSERT @109.70]  522f  insert:B2bQuoteInsert (8.70s, own audio)
  [109.70-123.20]  810f  cutaway:B2bVideo2022 @+17.80s
  [123.20-143.00] 1188f  master
  [143.00-216.00] 4380f  split:B3FiveBlocks @+0.00s
  [216.00-227.00]  660f  master
  [227.00-255.90] 1734f  cutaway:EbookCta @+0.00s
  [255.90-276.40] 1230f  cutaway:B4Input @+0.00s
  [276.40-290.50]  846f  cutaway:B5aReconRead @+0.00s
  [290.50-335.20] 2682f  cutaway:B5bDiscovery @+0.00s
  [335.20-356.40] 1272f  cutaway:B6PlanStop @+0.00s
  [356.40-387.90] 1890f  cutaway:B7aLabBoot @+0.00s
  [387.90-425.00] 2226f  cutaway:B7bBreak @+0.00s
  [425.00-447.30] 1338f  cutaway:B7cAdvice @+0.00s
  [447.30-456.80]  570f  master
  [456.80-481.30] 1470f  cutaway:B8Captures @+0.00s
  [481.30-484.80]  210f  master
  [484.80-510.00] 1512f  cutaway:B9Brain @+0.00s
  [510.00-525.80]  948f  cutaway:B10Verify @+0.00s
  [525.80-531.70]  354f  cutaway:B11Ship @+0.00s
  [531.70-567.90] 2172f  master
  [567.90-573.40]  330f  cutaway:RuleCard @+0.00s
  [573.40-576.60]  192f  master
  [576.60-609.20] 1956f  cutaway:Flywheel @+0.00s
  [609.20-618.00]  528f  master
  [618.00-632.18]  851f  master+overlay:B15Close @+0.00s
concat + audio -> videos\video-2\output\video-2-final-4k.mp4
done -> videos\video-2\output\video-2-final-4k.mp4  (640.883333s)
